../Drivers/CMSIS/Include/core_cm3.h:1762:34:__NVIC_SystemReset	0	static,ignoring_inline_asm
../Core/Src/stm32f1xx_it.c:76:6:NMI_Handler	0	static
../Core/Src/stm32f1xx_it.c:91:6:HardFault_Handler	8	static
../Core/Src/stm32f1xx_it.c:108:6:MemManage_Handler	8	static
../Core/Src/stm32f1xx_it.c:123:6:BusFault_Handler	8	static
../Core/Src/stm32f1xx_it.c:138:6:UsageFault_Handler	8	static
../Core/Src/stm32f1xx_it.c:154:6:SVC_Handler	0	static
../Core/Src/stm32f1xx_it.c:167:6:DebugMon_Handler	0	static
../Core/Src/stm32f1xx_it.c:180:6:PendSV_Handler	0	static
../Core/Src/stm32f1xx_it.c:193:6:SysTick_Handler	8	static
../Core/Src/stm32f1xx_it.c:214:6:DMA1_Channel4_IRQHandler	0	static
../Core/Src/stm32f1xx_it.c:227:6:DMA1_Channel5_IRQHandler	0	static
../Core/Src/stm32f1xx_it.c:241:6:USB_LP_CAN1_RX0_IRQHandler	0	static
../Core/Src/stm32f1xx_it.c:255:6:EXTI9_5_IRQHandler	8	static
../Core/Src/stm32f1xx_it.c:272:6:TIM2_IRQHandler	0	static
../Core/Src/stm32f1xx_it.c:286:6:SPI1_IRQHandler	0	static
../Core/Src/stm32f1xx_it.c:307:6:USBWakeUp_IRQHandler	0	static
