../Middlewares/ST/STM32_USB_Device_Library/Core/Src/usbd_core.c:95:20:USBD_Init	8	static
../Middlewares/ST/STM32_USB_Device_Library/Core/Src/usbd_core.c:134:20:USBD_DeInit	8	static
../Middlewares/ST/STM32_USB_Device_Library/Core/Src/usbd_core.c:158:21:USBD_RegisterClass	0	static
../Middlewares/ST/STM32_USB_Device_Library/Core/Src/usbd_core.c:184:21:USBD_Start	8	static
../Middlewares/ST/STM32_USB_Device_Library/Core/Src/usbd_core.c:198:21:USBD_Stop	8	static
../Middlewares/ST/STM32_USB_Device_Library/Core/Src/usbd_core.c:215:21:USBD_RunTestMode	0	static
../Middlewares/ST/STM32_USB_Device_Library/Core/Src/usbd_core.c:231:20:USBD_SetClassConfig	8	static
../Middlewares/ST/STM32_USB_Device_Library/Core/Src/usbd_core.c:254:20:USBD_ClrClassConfig	8	static
../Middlewares/ST/STM32_USB_Device_Library/Core/Src/usbd_core.c:269:20:USBD_LL_SetupStage	16	static
../Middlewares/ST/STM32_USB_Device_Library/Core/Src/usbd_core.c:306:20:USBD_LL_DataOutStage	16	static
../Middlewares/ST/STM32_USB_Device_Library/Core/Src/usbd_core.c:367:20:USBD_LL_DataInStage	24	static
../Middlewares/ST/STM32_USB_Device_Library/Core/Src/usbd_core.c:448:20:USBD_LL_Reset	16	static
../Middlewares/ST/STM32_USB_Device_Library/Core/Src/usbd_core.c:482:20:USBD_LL_SetSpeed	0	static
../Middlewares/ST/STM32_USB_Device_Library/Core/Src/usbd_core.c:497:20:USBD_LL_Suspend	0	static
../Middlewares/ST/STM32_USB_Device_Library/Core/Src/usbd_core.c:512:20:USBD_LL_Resume	0	static
../Middlewares/ST/STM32_USB_Device_Library/Core/Src/usbd_core.c:529:20:USBD_LL_SOF	8	static
../Middlewares/ST/STM32_USB_Device_Library/Core/Src/usbd_core.c:548:20:USBD_LL_IsoINIncomplete	0	static
../Middlewares/ST/STM32_USB_Device_Library/Core/Src/usbd_core.c:564:20:USBD_LL_IsoOUTIncomplete	0	static
../Middlewares/ST/STM32_USB_Device_Library/Core/Src/usbd_core.c:580:20:USBD_LL_DevConnected	0	static
../Middlewares/ST/STM32_USB_Device_Library/Core/Src/usbd_core.c:594:20:USBD_LL_DevDisconnected	8	static
